%!Adobe-FontList 1.24
%Locale:0x409

%BeginFont
Handler:DirectoryHandler
FontType:Invalid
OutlineFileName:/Users/randallbruder/Good Done Daily Dropbox/Randall Bruder/Projects/Massive Publishing/massive-publishing-tools/Issue #/InDesign Builds/Document fonts/.DS_Store
FileLength:6148
FileModTime:730017021
%EndFont

%BeginFont
Handler:DirectoryHandler
FontType:Invalid
OutlineFileName:/Users/randallbruder/Good Done Daily Dropbox/Randall Bruder/Projects/Massive Publishing/massive-publishing-tools/Issue #/InDesign Builds/Document fonts/AdobeFnt24.lst
FileLength:10605
FileModTime:749158724
%EndFont

%BeginFont
Handler:DirectoryHandler
FontType:TrueType
FontName:AvenirNextCondensed-Bold
FamilyName:Avenir Next Condensed
StyleName:Bold
MenuName:Avenir Next Condensed
StyleBits:2
WeightClass:700
WidthClass:3
AngleClass:0
FullName:Avenir Next Condensed Bold
WritingScript:Roman
OutlineFileName:/Users/randallbruder/Good Done Daily Dropbox/Randall Bruder/Projects/Massive Publishing/massive-publishing-tools/Issue #/InDesign Builds/Document fonts/Avenir Next Condensed.ttc
TTCOffset:72
DataFormat:sfntData
hasSVG:no
hasSBIX:no
hasCOLR:no
VariableFontType:NonVariableFont
FileLength:3288644
FileModTime:730017296
NameArray:0,Mac,18,Avenir Next Condensed Bold
NameArray:0,Mac,4,Avenir Next Condensed Bold
NameArray:0,Win,1,Avenir Next Condensed
NameArray:0,Win,16,Avenir Next Condensed
%EndFont

%BeginFont
Handler:DirectoryHandler
FontType:TrueType
FontName:AvenirNextCondensed-BoldItalic
FamilyName:Avenir Next Condensed
StyleName:Bold Italic
MenuName:Avenir Next Condensed
StyleBits:0
WeightClass:700
WidthClass:3
AngleClass:1
FullName:Avenir Next Condensed Bold Italic
WritingScript:Roman
OutlineFileName:/Users/randallbruder/Good Done Daily Dropbox/Randall Bruder/Projects/Massive Publishing/massive-publishing-tools/Issue #/InDesign Builds/Document fonts/Avenir Next Condensed.ttc
TTCOffset:372
DataFormat:sfntData
hasSVG:no
hasSBIX:no
hasCOLR:no
VariableFontType:NonVariableFont
FileLength:3288644
FileModTime:730017296
NameArray:0,Mac,18,Avenir Next Condensed Bold Italic
NameArray:0,Mac,4,Avenir Next Condensed Bold Italic
NameArray:0,Win,1,Avenir Next Condensed
NameArray:0,Win,16,Avenir Next Condensed
%EndFont

%BeginFont
Handler:DirectoryHandler
FontType:TrueType
FontName:AvenirNextCondensed-DemiBold
FamilyName:Avenir Next Condensed
StyleName:Demi Bold
MenuName:Avenir Next Condensed Demi Bold
StyleBits:0
WeightClass:600
WidthClass:3
AngleClass:0
FullName:Avenir Next Condensed Demi Bold
WritingScript:Roman
OutlineFileName:/Users/randallbruder/Good Done Daily Dropbox/Randall Bruder/Projects/Massive Publishing/massive-publishing-tools/Issue #/InDesign Builds/Document fonts/Avenir Next Condensed.ttc
TTCOffset:672
DataFormat:sfntData
hasSVG:no
hasSBIX:no
hasCOLR:no
VariableFontType:NonVariableFont
FileLength:3288644
FileModTime:730017296
NameArray:0,Mac,18,Avenir Next Condensed Demi Bold
NameArray:0,Mac,4,Avenir Next Condensed Demi Bold
NameArray:0,Win,1,Avenir Next Condensed Demi Bold
NameArray:0,Win,16,Avenir Next Condensed
%EndFont

%BeginFont
Handler:DirectoryHandler
FontType:TrueType
FontName:AvenirNextCondensed-DemiBoldItalic
FamilyName:Avenir Next Condensed
StyleName:Demi Bold Italic
MenuName:Avenir Next Condensed Demi Bold
StyleBits:0
WeightClass:600
WidthClass:3
AngleClass:1
FullName:Avenir Next Condensed Demi Bold Italic
WritingScript:Roman
OutlineFileName:/Users/randallbruder/Good Done Daily Dropbox/Randall Bruder/Projects/Massive Publishing/massive-publishing-tools/Issue #/InDesign Builds/Document fonts/Avenir Next Condensed.ttc
TTCOffset:972
DataFormat:sfntData
hasSVG:no
hasSBIX:no
hasCOLR:no
VariableFontType:NonVariableFont
FileLength:3288644
FileModTime:730017296
NameArray:0,Mac,18,Avenir Next Condensed Demi Bold Italic
NameArray:0,Mac,4,Avenir Next Condensed Demi Bold Italic
NameArray:0,Win,1,Avenir Next Condensed Demi Bold
NameArray:0,Win,16,Avenir Next Condensed
%EndFont

%BeginFont
Handler:DirectoryHandler
FontType:TrueType
FontName:AvenirNextCondensed-Heavy
FamilyName:Avenir Next Condensed
StyleName:Heavy
MenuName:Avenir Next Condensed Heavy
StyleBits:0
WeightClass:900
WidthClass:3
AngleClass:0
FullName:Avenir Next Condensed Heavy
WritingScript:Roman
OutlineFileName:/Users/randallbruder/Good Done Daily Dropbox/Randall Bruder/Projects/Massive Publishing/massive-publishing-tools/Issue #/InDesign Builds/Document fonts/Avenir Next Condensed.ttc
TTCOffset:2472
DataFormat:sfntData
hasSVG:no
hasSBIX:no
hasCOLR:no
VariableFontType:NonVariableFont
FileLength:3288644
FileModTime:730017296
NameArray:0,Mac,18,Avenir Next Condensed Heavy
NameArray:0,Mac,4,Avenir Next Condensed Heavy
NameArray:0,Win,1,Avenir Next Condensed Heavy
NameArray:0,Win,16,Avenir Next Condensed
%EndFont

%BeginFont
Handler:DirectoryHandler
FontType:TrueType
FontName:AvenirNextCondensed-HeavyItalic
FamilyName:Avenir Next Condensed
StyleName:Heavy Italic
MenuName:Avenir Next Condensed Heavy
StyleBits:0
WeightClass:900
WidthClass:3
AngleClass:0
FullName:Avenir Next Condensed Heavy Italic
WritingScript:Roman
OutlineFileName:/Users/randallbruder/Good Done Daily Dropbox/Randall Bruder/Projects/Massive Publishing/massive-publishing-tools/Issue #/InDesign Builds/Document fonts/Avenir Next Condensed.ttc
TTCOffset:2772
DataFormat:sfntData
hasSVG:no
hasSBIX:no
hasCOLR:no
VariableFontType:NonVariableFont
FileLength:3288644
FileModTime:730017296
NameArray:0,Mac,18,Avenir Next Condensed Heavy Italic
NameArray:0,Mac,4,Avenir Next Condensed Heavy Italic
NameArray:0,Win,1,Avenir Next Condensed Heavy
NameArray:0,Win,16,Avenir Next Condensed
%EndFont

%BeginFont
Handler:DirectoryHandler
FontType:TrueType
FontName:AvenirNextCondensed-Italic
FamilyName:Avenir Next Condensed
StyleName:Italic
MenuName:Avenir Next Condensed
StyleBits:0
WeightClass:400
WidthClass:3
AngleClass:1
FullName:Avenir Next Condensed Italic
WritingScript:Roman
OutlineFileName:/Users/randallbruder/Good Done Daily Dropbox/Randall Bruder/Projects/Massive Publishing/massive-publishing-tools/Issue #/InDesign Builds/Document fonts/Avenir Next Condensed.ttc
TTCOffset:1272
DataFormat:sfntData
hasSVG:no
hasSBIX:no
hasCOLR:no
VariableFontType:NonVariableFont
FileLength:3288644
FileModTime:730017296
NameArray:0,Mac,18,Avenir Next Condensed Italic
NameArray:0,Mac,4,Avenir Next Condensed Italic
NameArray:0,Win,1,Avenir Next Condensed
NameArray:0,Win,16,Avenir Next Condensed
%EndFont

%BeginFont
Handler:DirectoryHandler
FontType:TrueType
FontName:AvenirNextCondensed-Medium
FamilyName:Avenir Next Condensed
StyleName:Medium
MenuName:Avenir Next Condensed Medium
StyleBits:0
WeightClass:500
WidthClass:3
AngleClass:0
FullName:Avenir Next Condensed Medium
WritingScript:Roman
OutlineFileName:/Users/randallbruder/Good Done Daily Dropbox/Randall Bruder/Projects/Massive Publishing/massive-publishing-tools/Issue #/InDesign Builds/Document fonts/Avenir Next Condensed.ttc
TTCOffset:1572
DataFormat:sfntData
hasSVG:no
hasSBIX:no
hasCOLR:no
VariableFontType:NonVariableFont
FileLength:3288644
FileModTime:730017296
NameArray:0,Mac,18,Avenir Next Condensed Medium
NameArray:0,Mac,4,Avenir Next Condensed Medium
NameArray:0,Win,1,Avenir Next Condensed Medium
NameArray:0,Win,16,Avenir Next Condensed
%EndFont

%BeginFont
Handler:DirectoryHandler
FontType:TrueType
FontName:AvenirNextCondensed-MediumItalic
FamilyName:Avenir Next Condensed
StyleName:Medium Italic
MenuName:Avenir Next Condensed Medium
StyleBits:1
WeightClass:500
WidthClass:3
AngleClass:0
FullName:Avenir Next Medium Condensed Italic
WritingScript:Roman
OutlineFileName:/Users/randallbruder/Good Done Daily Dropbox/Randall Bruder/Projects/Massive Publishing/massive-publishing-tools/Issue #/InDesign Builds/Document fonts/Avenir Next Condensed.ttc
TTCOffset:1872
DataFormat:sfntData
hasSVG:no
hasSBIX:no
hasCOLR:no
VariableFontType:NonVariableFont
FileLength:3288644
FileModTime:730017296
NameArray:0,Mac,18,Avenir Next Condensed Medium Italic
NameArray:0,Mac,4,Avenir Next Condensed Medium Italic
NameArray:0,Win,1,Avenir Next Condensed Medium
NameArray:0,Win,16,Avenir Next Condensed
%EndFont

%BeginFont
Handler:DirectoryHandler
FontType:TrueType
FontName:AvenirNextCondensed-Regular
FamilyName:Avenir Next Condensed
StyleName:Regular
MenuName:Avenir Next Condensed
StyleBits:0
WeightClass:400
WidthClass:3
AngleClass:0
FullName:Avenir Next Condensed Regular
WritingScript:Roman
OutlineFileName:/Users/randallbruder/Good Done Daily Dropbox/Randall Bruder/Projects/Massive Publishing/massive-publishing-tools/Issue #/InDesign Builds/Document fonts/Avenir Next Condensed.ttc
TTCOffset:2172
DataFormat:sfntData
hasSVG:no
hasSBIX:no
hasCOLR:no
VariableFontType:NonVariableFont
FileLength:3288644
FileModTime:730017296
NameArray:0,Mac,18,Avenir Next Condensed Regular
NameArray:0,Mac,4,Avenir Next Condensed Regular
NameArray:0,Win,1,Avenir Next Condensed
NameArray:0,Win,16,Avenir Next Condensed
%EndFont

%BeginFont
Handler:DirectoryHandler
FontType:TrueType
FontName:AvenirNextCondensed-UltraLight
FamilyName:Avenir Next Condensed
StyleName:Ultra Light
MenuName:Avenir Next Condensed Ultra Light
StyleBits:0
WeightClass:275
WidthClass:3
AngleClass:0
FullName:Avenir Next Condensed Ultra Light
WritingScript:Roman
OutlineFileName:/Users/randallbruder/Good Done Daily Dropbox/Randall Bruder/Projects/Massive Publishing/massive-publishing-tools/Issue #/InDesign Builds/Document fonts/Avenir Next Condensed.ttc
TTCOffset:3072
DataFormat:sfntData
hasSVG:no
hasSBIX:no
hasCOLR:no
VariableFontType:NonVariableFont
FileLength:3288644
FileModTime:730017296
NameArray:0,Mac,18,Avenir Next Condensed Ultra Light
NameArray:0,Mac,4,Avenir Next Condensed Ultra Light
NameArray:0,Win,1,Avenir Next Condensed Ultra Light
NameArray:0,Win,16,Avenir Next Condensed
%EndFont

%BeginFont
Handler:DirectoryHandler
FontType:TrueType
FontName:AvenirNextCondensed-UltraLightItalic
FamilyName:Avenir Next Condensed
StyleName:Ultra Light Italic
MenuName:Avenir Next Condensed Ultra Light
StyleBits:0
WeightClass:275
WidthClass:3
AngleClass:0
FullName:Avenir Next Condensed Ultra Light Italic
WritingScript:Roman
OutlineFileName:/Users/randallbruder/Good Done Daily Dropbox/Randall Bruder/Projects/Massive Publishing/massive-publishing-tools/Issue #/InDesign Builds/Document fonts/Avenir Next Condensed.ttc
TTCOffset:3372
DataFormat:sfntData
hasSVG:no
hasSBIX:no
hasCOLR:no
VariableFontType:NonVariableFont
FileLength:3288644
FileModTime:730017296
NameArray:0,Mac,18,Avenir Next Condensed Ultra Light Italic
NameArray:0,Mac,4,Avenir Next Condensed Ultra Light Italic
NameArray:0,Win,1,Avenir Next Condensed Ultra Light
NameArray:0,Win,16,Avenir Next Condensed
%EndFont

